0 5.182587E+05 8.524191E-03 9.157085E-03 1.020740E+03 4.779353E+03
1 4.058513E+05 1.076157E-02 6.028701E-03 5.408583E+03 5.058769E+02
2 4.058513E+05 1.076157E-02 6.028701E-03 5.408583E+03 5.058769E+02
3 4.058513E+05 1.076157E-02 6.028701E-03 5.408583E+03 5.058769E+02
4 2.390072E+05 8.333883E-03 6.419375E-03 4.245379E+03 1.112456E+03
5 2.390072E+05 8.333883E-03 6.419375E-03 4.245379E+03 1.112456E+03
6 2.390072E+05 8.333883E-03 6.419375E-03 4.245379E+03 1.112456E+03
7 2.390072E+05 8.333883E-03 6.419375E-03 4.245379E+03 1.112456E+03
8 2.390072E+05 8.333883E-03 6.419375E-03 4.245379E+03 1.112456E+03
9 2.300785E+05 6.359619E-03 8.337888E-03 1.238307E+03 4.033184E+03
10 2.300785E+05 6.359619E-03 8.337888E-03 1.238307E+03 4.033184E+03
11 1.372796E+05 6.590982E-03 9.157085E-03 1.020740E+03 4.332437E+03
12 1.372796E+05 6.590982E-03 9.157085E-03 1.020740E+03 4.332437E+03
13 1.372796E+05 6.590982E-03 9.157085E-03 1.020740E+03 4.332437E+03
14 1.372796E+05 6.590982E-03 9.157085E-03 1.020740E+03 4.332437E+03
15 1.372796E+05 6.590982E-03 9.157085E-03 1.020740E+03 4.332437E+03
16 1.372796E+05 6.590982E-03 9.157085E-03 1.020740E+03 4.332437E+03
17 1.372796E+05 6.590982E-03 9.157085E-03 1.020740E+03 4.332437E+03
18 1.372796E+05 6.590982E-03 9.157085E-03 1.020740E+03 4.332437E+03
19 1.372796E+05 6.590982E-03 9.157085E-03 1.020740E+03 4.332437E+03
20 1.372796E+05 6.590982E-03 9.157085E-03 1.020740E+03 4.332437E+03
21 1.372796E+05 6.590982E-03 9.157085E-03 1.020740E+03 4.332437E+03
22 1.372796E+05 6.590982E-03 9.157085E-03 1.020740E+03 4.332437E+03
23 1.372796E+05 6.590982E-03 9.157085E-03 1.020740E+03 4.332437E+03
24 1.372796E+05 6.590982E-03 9.157085E-03 1.020740E+03 4.332437E+03
25 1.372796E+05 6.590982E-03 9.157085E-03 1.020740E+03 4.332437E+03
26 1.372796E+05 6.590982E-03 9.157085E-03 1.020740E+03 4.332437E+03
27 1.372796E+05 6.590982E-03 9.157085E-03 1.020740E+03 4.332437E+03
28 1.372796E+05 6.590982E-03 9.157085E-03 1.020740E+03 4.332437E+03
29 1.372796E+05 6.590982E-03 9.157085E-03 1.020740E+03 4.332437E+03
30 1.111386E+05 8.315888E-03 6.837803E-03 4.023421E+03 1.298209E+03
