30 1.095007E+06 1.233651E-02 6.685753E-03 5.953150E+02 6.098275E+03
30 7.590013E+05 1.190428E-02 1.472411E-03 5.663462E+03 1.141287E+03
30 2.254244E+06 3.708404E-03 1.598774E-02 9.264441E+02 6.172852E+03
30 4.414038E+06 1.964564E-02 9.908699E-03 4.769411E+03 1.291287E+03
30 6.195144E+05 7.588688E-03 7.087826E-03 1.848798E+03 4.669389E+03
30 9.324148E+05 4.106199E-03 7.965297E-03 1.822160E+03 3.791001E+03
30 1.076998E+06 2.965779E-03 9.412561E-03 2.625397E+03 2.830630E+03
30 1.087620E+06 1.255879E-03 1.095199E-02 3.911837E+02 5.263807E+03
30 1.504177E+06 1.226283E-02 2.265450E-03 2.129203E+03 2.903597E+03
30 5.168379E+05 1.081209E-02 4.907859E-03 6.043048E+03 4.819202E+02
30 2.164077E+06 1.300937E-03 7.651746E-03 1.483445E+03 7.868611E+03
30 8.621182E+05 7.535014E-03 6.909302E-03 4.650694E+03 7.071537E+02
30 5.873965E+05 1.346929E-02 2.505949E-03 2.999531E+03 7.665998E+03
30 5.729629E+05 1.060289E-02 7.470309E-03 5.358508E+03 5.881584E+02
30 1.075818E+06 1.173931E-02 2.626480E-03 2.382536E+03 2.741014E+03
30 1.924478E+06 3.089113E-03 7.412100E-03 4.354582E+02 5.010914E+03
30 1.210413E+06 1.753226E-02 1.123951E-03 4.216276E+03 4.330824E+03
30 8.619976E+05 4.099923E-03 8.200016E-03 1.326171E+03 4.438766E+03
30 1.505939E+06 6.838456E-03 1.371562E-02 1.222335E+03 3.383895E+03
30 1.890881E+06 1.016436E-02 1.132719E-02 9.333270E+02 6.786890E+03
30 8.154964E+06 1.148538E-02 2.551289E-02 2.792692E+03 7.299066E+03
30 5.946045E+06 3.158117E-02 2.504307E-03 7.100427E+03 2.555706E+02
30 3.512688E+06 1.079578E-02 4.801872E-03 1.368763E+02 5.831164E+03
30 4.004276E+06 9.374017E-03 3.794509E-02 3.664747E+03 1.545791E+03
30 2.370552E+06 5.288126E-03 2.137357E-02 1.474546E+03 1.887327E+03
30 1.246201E+06 6.746590E-03 5.960237E-03 7.052836E+03 1.217831E+03
30 2.336652E+06 1.947228E-03 7.723118E-03 3.142486E+03 2.605957E+03
30 1.112062E+06 7.872094E-03 7.069385E-03 5.424342E+03 1.926662E+03
30 1.173440E+06 1.727242E-03 1.729383E-02 4.960632E+03 2.835833E+03
30 2.152889E+06 3.410267E-03 1.462998E-02 2.896810E+03 1.142048E+03
30 9.611195E+05 8.443831E-03 9.070883E-03 1.162153E+03 6.290647E+03
30 1.458978E+06 3.379358E-03 1.825030E-02 4.075979E+03 1.557535E+03
30 2.915518E+06 2.163399E-02 4.251576E-03 3.814514E+03 1.195400E+03
30 1.013831E+06 1.234695E-02 4.429118E-03 3.803383E+03 2.468442E+03
30 2.596274E+05 5.200642E-03 9.918629E-03 1.012054E+03 4.791534E+03
30 1.804903E+06 3.972062E-03 1.067194E-02 3.567090E+03 1.128560E+03
30 1.544290E+06 1.088761E-02 8.131305E-03 5.321951E+03 1.197630E+03
30 2.944989E+06 2.709758E-03 1.349990E-02 3.645958E+03 8.790393E+02
30 3.516033E+05 6.359619E-03 8.337888E-03 1.261272E+03 4.738729E+03
30 6.013741E+05 3.222212E-03 1.095054E-02 8.259510E+02 3.869315E+03
30 2.724117E+06 2.404299E-03 1.608001E-02 5.370162E+03 1.029861E+03
30 3.666189E+05 6.399662E-03 8.410637E-03 9.184565E+02 4.689555E+03
30 7.975469E+05 1.916799E-03 1.317556E-02 3.468577E+02 6.181162E+03
30 3.220491E+05 1.074632E-02 4.253126E-03 2.467446E+03 3.581127E+03
30 7.506860E+05 8.240346E-03 8.441021E-03 1.493248E+03 2.552960E+03
30 1.111386E+05 8.315888E-03 6.837803E-03 4.023421E+03 1.298209E+03
30 3.283647E+06 2.822122E-03 3.032385E-02 9.261289E+02 2.190787E+03
30 6.162324E+05 1.229293E-02 1.413946E-03 4.582825E+03 1.250720E+03
30 1.885602E+06 4.744894E-03 1.112597E-02 9.852463E+02 1.854540E+03
30 8.112466E+05 1.362844E-02 3.044151E-03 2.239278E+03 5.658588E+03
30 1.132153E+06 5.820141E-03 1.276856E-02 2.752546E+03 1.311971E+03
30 7.635573E+05 4.036579E-03 9.571709E-03 1.177802E+03 3.271847E+03
30 1.170740E+06 4.131318E-03 8.992613E-03 4.212999E+03 1.679958E+03
30 2.026772E+06 1.043247E-02 3.393613E-03 7.390514E+03 3.051701E+03
30 4.034307E+06 4.610899E-03 8.952221E-03 3.205988E+03 1.367737E+02
30 4.310172E+05 7.013115E-03 8.362361E-03 4.991578E+03 1.075042E+03
30 3.414216E+05 5.262249E-03 9.325287E-03 9.292127E+02 4.246085E+03
30 2.733669E+06 1.762552E-03 6.419973E-03 3.552208E+03 3.242797E+03
30 1.154335E+06 5.089279E-03 8.572869E-03 4.966033E+03 2.759616E+03
30 6.253183E+05 1.228178E-02 6.115732E-03 1.411946E+03 3.714007E+03
30 3.862461E+06 1.379155E-02 1.301024E-03 9.786550E+02 4.958824E+03
30 2.686242E+06 5.114993E-03 6.474133E-03 3.488688E+03 5.318063E+02
30 1.464017E+06 6.668026E-03 4.232351E-03 2.686548E+03 3.404320E+03
30 2.214362E+06 1.218249E-02 1.159355E-02 8.816293E+02 7.381136E+03
30 7.450185E+05 4.587626E-03 1.123850E-02 5.457365E+03 1.519409E+03
30 3.288030E+06 3.883497E-03 1.989169E-02 1.017142E+02 8.723552E+03
30 6.254179E+05 1.176609E-02 3.938791E-03 5.608270E+03 1.601893E+02
30 6.016415E+05 9.192059E-03 4.499151E-03 5.466651E+03 7.842989E+02
30 1.869878E+06 1.304011E-02 6.738089E-03 2.837837E+03 3.623870E+03
30 8.924168E+05 1.202092E-02 2.718165E-02 4.626726E+03 1.278955E+02
30 1.459513E+06 8.806260E-03 2.283366E-03 4.111828E+03 9.402071E+02
30 7.772570E+05 6.348924E-03 1.216358E-02 2.907886E+03 1.522421E+03
30 3.518722E+06 1.001406E-02 5.250690E-02 1.525394E+03 2.311152E+02
30 2.365760E+06 4.037668E-03 1.171654E-02 2.323083E+03 9.646012E+02
30 2.081581E+06 9.072684E-03 1.111603E-02 5.672389E+03 1.779941E+03
30 3.697510E+06 1.471569E-02 1.184164E-02 3.753066E+03 2.051566E+03
30 1.822451E+06 1.174313E-02 1.943496E-03 8.333420E+03 2.973099E+03
30 1.229062E+06 3.868299E-03 1.116859E-02 4.251815E+03 4.122580E+03
30 1.628984E+06 1.038112E-02 5.754559E-03 3.589407E+03 5.148725E+03
30 1.978474E+06 6.399245E-03 1.101574E-02 5.735806E+03 2.815786E+02
30 2.766238E+06 6.682276E-03 1.181312E-02 3.680498E+02 1.837384E+03
30 1.744180E+06 4.724562E-03 1.298397E-02 7.444345E+03 7.018373E+02
30 8.743341E+05 1.136699E-02 1.214253E-03 5.104709E+03 1.228755E+03
30 3.087605E+06 4.985308E-03 2.209363E-02 1.029160E+03 3.723930E+03
30 8.601705E+06 3.517071E-03 4.780415E-02 3.830047E+03 5.767284E+03
30 2.585610E+06 2.488436E-03 1.791322E-02 3.549318E+03 5.661953E+03
30 1.045551E+06 6.422969E-03 2.626538E-02 5.749647E+03 7.784131E+02
30 1.848776E+06 1.299841E-02 8.483315E-03 4.446387E+03 9.883512E+02
30 1.346162E+06 4.715829E-03 1.252991E-02 1.506766E+03 5.007463E+03
30 2.907214E+06 1.280096E-02 4.372693E-03 1.769249E+03 3.129594E+02
30 1.122065E+06 4.486183E-03 9.792910E-03 2.342776E+03 4.864653E+03
30 6.292143E+06 1.178889E-02 1.073760E-03 2.081441E+02 6.751536E+03
30 1.694567E+06 6.220261E-03 5.321191E-03 1.039579E+03 5.410771E+03
30 9.441326E+05 6.749233E-03 6.067623E-03 2.180591E+03 4.376295E+03
30 1.800630E+06 3.017174E-03 1.938268E-02 6.121238E+03 1.357052E+03
30 7.317750E+05 7.436139E-03 9.172769E-03 5.262767E+02 4.466066E+03
30 3.990964E+06 9.944584E-03 7.256555E-03 8.330549E+02 5.180537E+02
30 2.725207E+06 6.745277E-03 1.699594E-02 3.523826E+02 2.242138E+03
30 2.192782E+05 7.237675E-03 8.543407E-03 1.146218E+03 3.935287E+03
30 1.482513E+06 7.162901E-03 7.524327E-03 3.919407E+03 5.394382E+02
30 2.995483E+06 2.291670E-03 6.645239E-03 3.869893E+03 1.671431E+03
30 2.286698E+06 8.715958E-03 6.876948E-03 2.119290E+02 4.590955E+03
30 1.441383E+06 2.207751E-02 7.233857E-03 2.772186E+02 8.120372E+03
30 7.429685E+05 1.833031E-02 1.019139E-02 1.800836E+02 6.118769E+03
30 7.908832E+05 4.883101E-03 1.047392E-02 3.533931E+03 1.526056E+03
30 1.484983E+06 1.076157E-02 6.028701E-03 2.877175E+03 5.058769E+02
30 4.152073E+06 3.370160E-03 3.226246E-02 1.108294E+02 3.930931E+03
30 5.225736E+05 1.081759E-02 1.038866E-02 3.047471E+02 6.223400E+03
30 1.930769E+06 1.374403E-02 2.369842E-03 1.664764E+03 3.541354E+03
30 3.809739E+05 4.398753E-03 1.054484E-02 1.647945E+03 4.037504E+03
30 8.804735E+05 3.873405E-03 1.656737E-02 5.410859E+03 1.816768E+03
30 8.550403E+05 4.291332E-03 1.165313E-02 1.843454E+03 4.394408E+03
30 6.797499E+05 3.756276E-03 9.054320E-03 1.621893E+03 3.703130E+03
30 3.984814E+06 8.133254E-03 5.907657E-03 4.806503E+02 1.005857E+03
30 3.811333E+06 4.279651E-02 6.259307E-03 1.977884E+03 2.515871E+03
30 2.685781E+06 3.480165E-03 1.478171E-02 5.528908E+03 6.589451E+02
30 4.393020E+06 4.504951E-03 2.349495E-02 2.220518E+03 4.983094E+03
30 7.819860E+05 4.734339E-03 1.010195E-02 1.068106E+03 2.970815E+03
30 2.528248E+06 4.256761E-03 7.620254E-03 1.540286E+03 1.271092E+03
30 1.141606E+06 9.227564E-03 9.318257E-03 2.920627E+03 2.075394E+03
30 2.648048E+06 2.968514E-03 1.777150E-02 1.655478E+03 5.813687E+03
30 5.431660E+06 1.680113E-02 1.090679E-03 4.339398E+02 3.691366E+03
30 3.311628E+06 8.105956E-03 2.551815E-02 1.159058E+03 1.312051E+03
30 1.677376E+06 5.328044E-03 5.370966E-03 3.156091E+03 1.803526E+03
30 5.936251E+05 1.264725E-02 9.787456E-03 5.379977E+02 6.093893E+03
30 2.178810E+06 8.723206E-03 1.050597E-02 2.059203E+03 6.529776E+02
30 4.660690E+06 2.386761E-03 2.200158E-03 3.207831E+03 4.203323E+03
30 2.392106E+06 6.590982E-03 9.157085E-03 1.020740E+03 1.349774E+03
30 1.128556E+06 6.708060E-03 1.053982E-02 1.066725E+03 6.169463E+03
30 1.376807E+06 3.351114E-03 1.191905E-02 1.638106E+03 6.399350E+03
30 3.173463E+05 5.013100E-03 9.097192E-03 1.450953E+03 4.082888E+03
30 3.239890E+05 3.422315E-03 1.207384E-02 1.555404E+03 3.822529E+03
30 8.437839E+05 4.474912E-03 8.294728E-03 1.085453E+03 5.558789E+03
30 1.194821E+06 1.749852E-02 1.443816E-03 4.018361E+03 2.465322E+03
30 6.975966E+05 3.508282E-03 1.000537E-02 5.391194E+02 5.067021E+03
30 1.026157E+06 4.057863E-03 9.722422E-03 1.880972E+03 2.236269E+03
30 1.291038E+06 8.253156E-03 9.729069E-03 2.069045E+03 1.391898E+03
30 4.375393E+06 9.385109E-03 1.283144E-02 4.969857E+03 5.433005E+03
30 9.953975E+05 5.416828E-03 8.457305E-03 5.618832E+03 1.230599E+03
30 1.549601E+06 5.157760E-03 6.779000E-03 2.962013E+03 1.475517E+03
30 4.896221E+05 6.808556E-03 1.146260E-02 3.820507E+02 5.214360E+03
30 7.159205E+05 4.149736E-03 1.034749E-02 7.625056E+02 6.386072E+03
30 2.047235E+06 1.590982E-02 6.136165E-03 5.327695E+02 3.385397E+03
30 1.387402E+06 9.328109E-03 2.555185E-03 5.024292E+03 3.786211E+03
30 1.903941E+06 3.927199E-03 6.178581E-03 3.363310E+03 4.595122E+03
30 6.147120E+05 1.759647E-03 1.231231E-02 6.821436E+02 4.524474E+03
30 1.552328E+06 1.078530E-02 4.967298E-03 3.654855E+03 6.293991E+03
30 1.705273E+06 5.091377E-03 1.173502E-02 1.439524E+03 1.621924E+03
30 2.402812E+05 6.119342E-03 8.918850E-03 1.024048E+03 4.163516E+03
30 1.099615E+06 3.970155E-03 9.178357E-03 5.618802E+02 4.144917E+03
30 2.264484E+06 2.235623E-02 2.289667E-03 2.575855E+03 1.303346E+03
30 1.458134E+06 8.991719E-03 6.490212E-03 3.294650E+03 4.382656E+02
30 1.369199E+06 9.184622E-03 1.668177E-03 5.298468E+03 7.602067E+02
30 2.883899E+05 1.265492E-02 2.432786E-03 3.653337E+03 3.035025E+03
30 1.091735E+06 9.358184E-03 1.059621E-02 1.003678E+03 4.428854E+03
30 4.774062E+05 7.359745E-03 8.675349E-03 1.110002E+03 5.660756E+03
30 1.691662E+06 6.106508E-03 7.902238E-03 5.787612E+03 4.957220E+02
30 7.780748E+05 5.849387E-03 6.902070E-03 3.234069E+03 2.368599E+03
30 2.121406E+06 1.111065E-02 1.113080E-03 2.562527E+03 1.630238E+03
30 4.396941E+05 1.136348E-02 6.504327E-03 1.382751E+03 4.627489E+03
30 1.372104E+06 1.185528E-02 1.439181E-03 3.163526E+03 1.120696E+03
30 2.342073E+06 3.879243E-03 5.648600E-03 8.176393E+02 4.624997E+03
30 8.028055E+05 3.828858E-03 9.019623E-03 3.054346E+03 2.815704E+03
30 4.131756E+05 6.569111E-03 9.844768E-03 3.667552E+03 1.331063E+03
30 4.639215E+06 9.236481E-03 1.262899E-02 5.270457E+03 6.556374E+03
30 1.490268E+06 9.012478E-03 1.798250E-03 4.265371E+03 1.252465E+03
30 5.569721E+05 4.286143E-03 1.009819E-02 2.023270E+03 2.528061E+03
30 4.440667E+05 5.892949E-03 7.777269E-03 2.655090E+03 2.549927E+03
30 2.077240E+06 6.085342E-03 5.492546E-03 4.764864E+03 4.767019E+03
30 5.542878E+05 2.936241E-03 1.230636E-02 1.496525E+03 3.130808E+03
30 3.196547E+06 9.225955E-03 8.843854E-03 4.867541E+03 5.888708E+03
30 8.538502E+05 7.535541E-03 1.458783E-02 8.565762E+03 7.585383E+02
30 3.274687E+06 3.878211E-03 9.579358E-03 8.553796E+02 1.069438E+03
30 6.100720E+05 1.440496E-02 2.555890E-03 2.977115E+03 5.838810E+03
30 2.948229E+05 6.976730E-03 7.925823E-03 2.608712E+03 1.940583E+03
30 5.466415E+06 2.480751E-03 6.419375E-03 1.552705E+03 2.357123E+02
30 5.852365E+05 1.303663E-02 2.283126E-03 2.988244E+03 3.999043E+03
30 3.959633E+05 9.405590E-03 9.050688E-03 6.190429E+02 5.460527E+03
30 1.875688E+06 2.073496E-02 1.540071E-03 3.521868E+03 1.552940E+03
30 5.377360E+05 1.269034E-02 6.203893E-03 1.444182E+03 4.212982E+03
30 1.059256E+06 2.434747E-03 1.472007E-02 4.025490E+02 4.137254E+03
30 2.419442E+06 2.314173E-02 1.397855E-03 3.897017E+03 1.177324E+03
30 1.579166E+06 4.162590E-03 1.227116E-02 1.074818E+03 7.334641E+03
30 1.512298E+06 4.928283E-03 8.668524E-03 9.726241E+03 1.100924E+03
30 1.690656E+06 1.272950E-02 2.983607E-03 2.199587E+03 1.010687E+03
30 1.430210E+06 5.579920E-03 1.197388E-02 4.801469E+03 7.145426E+02
30 5.128638E+06 2.662233E-03 1.045108E-02 3.297667E+03 1.702472E+02
30 2.256630E+06 1.234569E-02 7.618452E-03 2.985291E+03 4.020067E+03
30 2.945759E+06 7.793964E-03 1.363942E-02 1.043464E+02 2.008089E+03
30 2.985616E+06 1.857888E-02 8.477984E-03 2.195954E+03 3.672076E+03
30 3.335893E+06 2.609673E-03 4.340592E-03 1.990063E+03 3.392952E+03
30 1.332300E+06 6.939287E-03 8.104977E-03 3.299356E+03 3.921895E+03
30 3.032356E+06 1.787025E-02 1.100246E-02 5.867052E+03 3.939854E+02
30 5.610196E+05 3.250275E-03 1.317532E-02 1.289827E+03 3.587555E+03
30 2.590481E+06 4.844724E-03 3.682680E-03 4.757862E+03 1.189165E+03
30 1.012122E+06 7.368138E-03 7.956848E-03 2.020443E+03 5.216028E+03
30 2.448761E+06 7.198296E-03 1.356370E-03 5.345963E+03 8.445338E+03
30 1.217035E+06 7.111621E-03 1.394958E-02 2.812969E+03 1.782522E+03
30 2.707387E+06 2.340706E-02 4.646813E-03 2.851703E+03 1.324357E+03
30 1.867540E+06 9.753405E-03 5.981227E-03 4.884540E+03 3.542439E+03
