0 1.189910E+06 3.942432E-01
1 1.189910E+06 3.942432E-01
2 1.189910E+06 3.942432E-01
3 1.187637E+06 3.982574E-01
4 1.187290E+06 3.999085E-01
5 1.187290E+06 3.999085E-01
6 1.187290E+06 3.999085E-01
7 1.187290E+06 3.999085E-01
8 1.187290E+06 3.999085E-01
9 1.187290E+06 3.999085E-01
10 1.187272E+06 4.003464E-01
11 1.187272E+06 4.003464E-01
12 1.187264E+06 4.000736E-01
13 1.187264E+06 4.000736E-01
14 1.187264E+06 4.000925E-01
15 1.187264E+06 4.000763E-01
16 1.187261E+06 4.002826E-01
17 1.187261E+06 4.002826E-01
18 1.187261E+06 4.002826E-01
19 1.187261E+06 4.002815E-01
20 1.187261E+06 4.002815E-01
21 1.187261E+06 4.002866E-01
22 1.187261E+06 4.002866E-01
23 1.187261E+06 4.002866E-01
24 1.187261E+06 4.002866E-01
25 1.187261E+06 4.002820E-01
26 1.187261E+06 4.002820E-01
27 1.187261E+06 4.002821E-01
28 1.187261E+06 4.002794E-01
29 1.187261E+06 4.002801E-01
30 1.187261E+06 4.002838E-01
