30 1.187264E+06 4.000658E-01
30 1.187264E+06 4.000725E-01
30 1.187264E+06 4.000790E-01
30 1.187274E+06 4.001067E-01
30 1.187264E+06 4.000748E-01
30 1.187261E+06 4.002838E-01
30 1.187264E+06 4.000813E-01
30 1.187264E+06 4.000900E-01
30 1.187264E+06 4.000856E-01
30 1.187279E+06 4.001607E-01
30 1.187264E+06 4.000792E-01
30 1.187290E+06 3.999148E-01
30 1.187291E+06 4.001740E-01
30 1.187267E+06 4.003102E-01
30 1.187273E+06 4.002499E-01
30 1.187264E+06 4.000884E-01
30 1.187282E+06 4.002318E-01
30 1.187266E+06 4.001849E-01
30 1.187264E+06 4.000879E-01
30 1.187282E+06 4.002172E-01
30 1.187283E+06 4.002749E-01
30 1.187264E+06 4.000763E-01
30 1.187296E+06 4.000549E-01
30 1.187264E+06 4.000774E-01
30 1.187282E+06 4.002202E-01
30 1.187279E+06 4.001386E-01
30 1.187264E+06 4.000813E-01
30 1.187283E+06 4.002776E-01
30 1.187291E+06 4.000129E-01
30 1.187279E+06 4.001701E-01
