0 8.798287E+05 1.137021E-02 1.964171E-03 6.258999E+03 1.864524E+02
1 8.578820E+05 2.979627E-02 9.664480E-03 4.772510E+02 6.330638E+03
2 5.870191E+05 5.516890E-03 9.664480E-03 4.772510E+02 6.330638E+03
3 4.230585E+05 1.169897E-02 3.877655E-03 4.216882E+03 7.046689E+02
4 4.230585E+05 1.169897E-02 3.877655E-03 4.216882E+03 7.046689E+02
5 4.230585E+05 1.169897E-02 3.877655E-03 4.216882E+03 7.046689E+02
6 4.230585E+05 1.169897E-02 3.877655E-03 4.216882E+03 7.046689E+02
7 4.230585E+05 1.169897E-02 3.877655E-03 4.216882E+03 7.046689E+02
8 4.230585E+05 1.169897E-02 3.877655E-03 4.216882E+03 7.046689E+02
9 4.230585E+05 1.169897E-02 3.877655E-03 4.216882E+03 7.046689E+02
10 3.929224E+05 1.022133E-02 5.035178E-03 3.393732E+03 2.180073E+03
11 3.929224E+05 1.022133E-02 5.035178E-03 3.393732E+03 2.180073E+03
12 3.929224E+05 1.022133E-02 5.035178E-03 3.393732E+03 2.180073E+03
13 3.878840E+05 9.483962E-03 5.189761E-03 3.582162E+03 1.066151E+03
14 3.836530E+05 3.679692E-03 1.159236E-02 8.344549E+02 4.069161E+03
15 3.453118E+05 1.228198E-02 2.869778E-03 4.329836E+03 9.458712E+02
16 3.453118E+05 1.228198E-02 2.869778E-03 4.329836E+03 9.458712E+02
17 1.813198E+05 1.042618E-02 4.416818E-03 3.295577E+03 1.522605E+03
18 1.813198E+05 1.042618E-02 4.416818E-03 3.295577E+03 1.522605E+03
19 1.813198E+05 1.042618E-02 4.416818E-03 3.295577E+03 1.522605E+03
20 1.813198E+05 1.042618E-02 4.416818E-03 3.295577E+03 1.522605E+03
