20 4.229704E+06 1.264414E-02 5.366456E-04 1.160524E+03 6.582539E+03
20 1.161398E+06 1.287003E-02 1.920824E-02 8.257516E+03 7.778068E+01
20 4.446450E+06 3.908340E-03 6.232675E-03 6.085117E+03 6.447734E+01
20 3.414499E+06 4.095804E-03 2.494804E-03 3.666253E+03 4.223513E+03
20 4.074693E+06 4.902743E-02 4.342375E-03 3.060984E+02 1.604809E+03
20 2.514637E+06 9.055712E-03 1.683548E-02 3.890129E+03 1.712473E+03
20 1.712623E+06 6.738764E-03 9.705757E-03 8.984044E+01 4.356996E+03
20 1.862276E+06 1.081527E-02 6.365962E-04 3.501078E+03 5.046115E+03
20 1.063702E+06 2.009619E-03 1.533451E-02 6.362656E+02 4.025836E+03
20 1.621219E+06 3.779169E-03 9.418123E-03 5.219552E+03 4.348816E+03
20 1.397322E+06 1.216480E-02 2.975314E-03 4.088745E+03 3.586668E+01
20 7.930616E+06 4.362695E-02 9.232774E-04 7.266659E+03 4.480116E+03
20 2.605014E+06 9.010447E-03 1.054384E-02 1.768901E+03 5.664940E+02
20 8.601207E+05 1.467661E-02 1.646108E-04 5.267374E+03 2.258681E+02
20 1.877732E+06 4.233895E-03 1.222375E-02 2.993111E+03 1.056342E+03
20 9.670440E+05 5.971114E-04 1.389054E-02 2.448638E+03 6.469619E+03
20 1.737690E+06 2.763369E-02 5.877746E-03 4.912776E+02 5.384564E+03
20 7.168537E+06 1.116035E-02 4.520129E-02 2.316420E+01 1.398432E+02
20 6.327946E+05 8.748413E-03 7.917070E-03 6.932440E+03 4.877138E+02
20 6.348976E+06 5.881329E-03 5.376787E-02 3.967063E+01 3.186900E+02
20 6.812090E+06 5.309061E-03 1.803012E-02 3.557665E+01 2.221448E+02
20 7.907993E+06 2.754564E-02 9.308477E-04 2.364693E+01 1.703433E+01
20 4.164556E+06 4.661357E-03 1.306129E-02 4.654396E+03 3.886971E+01
20 2.196227E+06 5.753719E-03 1.060551E-02 3.845107E+03 4.521006E+02
20 6.236825E+06 2.584126E-03 1.921533E-02 1.417394E+03 2.735502E+01
20 3.505594E+06 4.047017E-02 1.098642E-02 9.173031E+01 1.634552E+03
20 6.893333E+06 7.425171E-03 5.621096E-02 1.651356E+03 3.054660E+03
20 8.294970E+05 1.228198E-02 2.869778E-03 4.329836E+03 4.428656E+03
20 3.688749E+06 9.039520E-04 5.878781E-03 1.648680E+01 4.422959E+03
20 1.285932E+06 4.406942E-03 1.106238E-02 1.025520E+01 7.126331E+03
20 3.190812E+06 1.473614E-03 1.638529E-02 5.514262E+03 1.207284E+03
20 3.478866E+06 1.317109E-02 1.497007E-02 1.652038E+03 3.535250E+03
20 1.238515E+06 1.507840E-02 8.394905E-03 8.014425E+02 3.486682E+03
20 1.382306E+06 1.515323E-02 1.713649E-02 3.986337E+03 5.820660E+01
20 6.647353E+06 9.881391E-03 3.527647E-04 3.250757E+02 5.699598E+01
20 1.930654E+06 9.338147E-03 1.384402E-02 5.784494E+03 1.224656E+03
20 1.179690E+06 1.570464E-02 7.087138E-04 4.437395E+03 1.073448E+02
20 6.462390E+06 1.886973E-03 1.263124E-02 2.652936E+03 2.865275E+01
20 1.304250E+06 4.658694E-03 1.130379E-02 2.978671E+03 4.342774E+03
20 7.023556E+06 1.265135E-03 4.082235E-03 5.032637E+03 1.489296E+01
20 1.237199E+06 1.955140E-03 1.027832E-02 1.861111E+03 3.322529E+03
20 8.698777E+05 1.123129E-02 7.393877E-03 1.437756E+03 5.437576E+03
20 2.584357E+06 1.774542E-02 2.654387E-03 1.030199E+03 7.308543E+03
20 1.883840E+06 1.504158E-02 1.782178E-02 5.709163E+01 5.964411E+03
20 5.281861E+06 3.223462E-02 3.547971E-03 3.370940E+01 2.504052E+03
20 2.088098E+06 4.286288E-03 1.084855E-02 3.615657E+03 6.251771E+03
20 1.532824E+06 7.855405E-03 1.187946E-02 1.094759E+03 2.399961E+03
20 2.554966E+06 4.612760E-02 3.425299E-03 1.297932E+03 5.767346E+03
20 4.217378E+06 2.871382E-04 3.276029E-02 5.544653E+03 4.504733E+03
20 6.917241E+06 3.508611E-02 2.360212E-02 1.841645E+03 2.668484E+03
20 1.001909E+06 1.508239E-02 2.574331E-03 5.877335E+03 1.616260E+01
20 1.948558E+06 8.758687E-03 4.205403E-03 4.324970E+03 1.308629E+02
20 1.511774E+06 4.490714E-03 1.624516E-02 1.480524E+02 4.135786E+03
20 7.082848E+06 1.922992E-02 9.829852E-03 7.321099E+03 6.791881E+03
20 2.097750E+06 1.738159E-04 1.726849E-02 1.962362E+03 3.061321E+03
20 4.828488E+06 1.364137E-02 5.051178E-04 8.757475E+02 3.498945E+03
20 4.390472E+06 4.099747E-03 2.442843E-02 5.113892E+03 4.500212E+03
20 4.266614E+06 6.713888E-03 3.243857E-02 3.838111E+03 2.338033E+03
20 1.022754E+07 4.307301E-02 1.413521E-02 4.006443E+03 6.603322E+03
20 7.515328E+06 2.942648E-04 1.099941E-02 2.418378E+01 1.055726E+02
20 4.901956E+06 3.515473E-03 4.692696E-04 7.242578E+03 5.672546E+02
20 8.059303E+05 1.307031E-02 9.729436E-03 5.095980E+03 4.308419E+01
20 1.347446E+06 1.054313E-02 1.013071E-02 9.263604E+01 8.808743E+03
20 3.828781E+06 1.712866E-02 8.154410E-03 8.595955E+03 6.479823E+02
20 5.470893E+05 8.490012E-03 9.277257E-03 9.589565E+02 5.079739E+03
20 6.125325E+06 1.071887E-02 4.251829E-03 3.636587E+01 6.993407E+02
20 1.267424E+06 7.986699E-03 6.100307E-03 8.067328E+02 5.094740E+03
20 4.764100E+05 1.214920E-02 3.877655E-03 4.216882E+03 8.995250E+02
20 1.052686E+06 8.576034E-03 5.669435E-02 7.824672E+03 2.018400E+02
20 4.111257E+06 6.717309E-03 2.976489E-03 4.302389E+02 4.797586E+03
20 1.655859E+06 4.131650E-04 9.664480E-03 7.059115E+02 6.330638E+03
20 5.481001E+06 1.007609E-02 3.027864E-02 7.345402E+01 6.057239E+02
20 4.502984E+06 4.892485E-02 1.998529E-02 7.987104E+02 1.399021E+03
20 1.547588E+06 1.077118E-02 7.812993E-03 1.547203E+03 8.992917E+03
20 2.796353E+06 4.528611E-03 4.791644E-03 3.717027E+03 8.545141E+02
20 7.487986E+06 2.365718E-02 9.805305E-03 7.636069E+01 2.936661E+01
20 1.564696E+06 7.701628E-03 5.105652E-03 1.096386E+03 4.121993E+03
20 1.631763E+06 1.644377E-02 5.246944E-03 2.462839E+03 3.820160E+03
20 2.596148E+06 1.019593E-03 2.256284E-02 3.034549E+02 4.687245E+03
20 1.950063E+06 1.119412E-02 7.925437E-03 1.091569E+03 1.786527E+03
20 9.283253E+05 1.118486E-02 5.925257E-03 2.945326E+03 1.010217E+03
20 8.657043E+05 1.137021E-02 2.077091E-03 6.258999E+03 1.864524E+02
20 1.126087E+06 2.955930E-02 1.094568E-02 4.437795E+02 5.709875E+03
20 2.351689E+06 2.612118E-03 6.085426E-03 1.065734E+03 5.226207E+03
20 4.117412E+06 7.013857E-03 2.499513E-03 2.023174E+03 1.591854E+01
20 1.320451E+06 8.265014E-03 1.010474E-02 5.789306E+01 5.978343E+03
20 5.391379E+06 4.000593E-03 4.710748E-03 7.332210E+01 1.128068E+03
20 1.823589E+06 6.314077E-03 4.408834E-03 2.232445E+03 2.144180E+03
20 3.306401E+06 3.578417E-02 1.266978E-02 5.664288E+02 1.740873E+03
20 4.183834E+06 2.446657E-02 9.235981E-03 3.554825E+03 9.524663E+02
20 3.873728E+06 3.879967E-03 1.524578E-02 6.156259E+03 9.293554E+03
20 2.072364E+06 1.955602E-02 2.341557E-04 5.726692E+03 2.798785E+02
20 1.311282E+07 7.565914E-02 2.535453E-02 5.857951E+03 9.508739E+02
20 8.641315E+05 3.824391E-04 1.436490E-02 4.277267E+01 5.080760E+03
20 5.645470E+06 3.465630E-02 1.268494E-02 2.992955E+03 1.110723E+03
20 2.588279E+06 7.551940E-02 1.632657E-02 3.127290E+02 5.729794E+03
20 2.591094E+06 9.685659E-03 5.000743E-04 2.947432E+03 4.753649E+03
20 4.420597E+06 6.423486E-03 1.327802E-03 1.048383E+03 6.360229E+03
20 2.512697E+06 1.075964E-02 1.104521E-02 7.272385E+02 1.761818E+03
20 6.629779E+05 1.052659E-02 6.103257E-03 1.540506E+03 3.019774E+03
20 3.627675E+06 1.062606E-02 6.212815E-03 2.986250E+01 3.484762E+03
20 1.638122E+06 3.365592E-02 5.083642E-03 1.119114E+03 7.487078E+03
20 1.397799E+06 3.712571E-02 1.579684E-02 5.725619E+01 4.159458E+03
20 9.674844E+05 1.479788E-02 2.515687E-03 5.616361E+03 9.031859E+01
20 3.144606E+06 3.060633E-03 4.434906E-03 5.966094E+03 5.733574E+03
20 2.978601E+06 1.468898E-03 1.231468E-02 9.495871E+03 1.341441E+03
20 3.423124E+06 5.584471E-03 9.499186E-04 6.188005E+03 2.341772E+02
20 1.279389E+06 3.679692E-03 1.159236E-02 8.344549E+02 2.683405E+03
20 1.035007E+06 1.260727E-03 1.329281E-02 8.971278E+02 3.603637E+03
20 2.464133E+06 7.984192E-03 5.695834E-04 4.839847E+03 1.147134E+03
20 2.530901E+06 7.498827E-03 4.420511E-04 9.278766E+03 3.819224E+01
20 6.297433E+05 9.332291E-03 5.194873E-03 2.434943E+03 4.328116E+03
20 5.217667E+06 7.764332E-03 5.240314E-04 8.701803E+02 2.864122E+03
20 5.710367E+06 4.881731E-03 1.802567E-04 1.034177E+03 1.301115E+02
20 5.794709E+06 1.518022E-02 6.834776E-04 5.243736E+02 1.525708E+02
20 5.312034E+05 1.044927E-02 4.861416E-03 3.502572E+03 2.374506E+03
20 1.609577E+07 7.824965E-03 7.215194E-02 9.384068E+03 9.703014E+03
20 2.344144E+06 2.674683E-02 4.400155E-03 6.974303E+02 4.198363E+03
20 1.859162E+06 1.312723E-02 6.318082E-03 6.522222E+02 3.135385E+03
20 1.749633E+06 9.749436E-03 1.188427E-02 4.219837E+03 1.430598E+03
20 1.579706E+06 9.560301E-03 2.598855E-03 8.913223E+03 1.094002E+02
20 6.177371E+06 7.496996E-02 2.488576E-02 3.618274E+02 8.962581E+03
20 1.663120E+06 1.332644E-02 1.050027E-02 2.833500E+02 3.236049E+03
20 1.856687E+06 9.716685E-04 1.529895E-02 6.304486E+03 2.507844E+03
20 6.646399E+05 1.164830E-02 2.351658E-03 4.395544E+03 5.577857E+02
20 8.307029E+05 5.494844E-03 1.034599E-02 2.047813E+02 5.654233E+03
20 1.085385E+07 1.522417E-02 7.408846E-02 4.810060E+03 3.016002E+03
20 6.824678E+06 1.092892E-02 8.121626E-03 2.599434E+02 1.122958E+01
20 2.410640E+06 7.722519E-03 4.235035E-03 8.015555E+02 4.738525E+03
20 4.120568E+06 1.049630E-02 4.410243E-03 1.351760E+03 4.316250E+01
20 4.087087E+06 1.682727E-04 5.182588E-03 1.692268E+03 4.467167E+03
20 5.984024E+06 9.447712E-04 1.177584E-02 1.342417E+03 3.604567E+02
20 7.554576E+06 4.360447E-04 1.969854E-02 3.134724E+03 6.649945E+01
20 3.814651E+06 1.140606E-02 2.508712E-03 7.290882E+02 1.879560E+03
20 2.835176E+06 5.983870E-03 1.461274E-02 3.751822E+03 4.277523E+03
20 9.622782E+05 1.329541E-03 1.633239E-02 2.801080E+03 4.178755E+03
20 5.621002E+06 5.141792E-02 4.390768E-03 3.076337E+03 1.389308E+03
20 7.341904E+06 2.323423E-02 2.656435E-02 6.607454E+01 6.418892E+01
20 5.026270E+06 2.026023E-03 2.078668E-02 2.297835E+02 6.918405E+02
20 7.027792E+06 7.570438E-03 5.068744E-02 4.845096E+03 2.901078E+03
20 1.155678E+06 4.048472E-03 1.326700E-02 1.628139E+03 4.367241E+03
20 4.749184E+06 8.259012E-04 5.177569E-03 1.907075E+02 1.897444E+03
20 1.092621E+06 1.336543E-02 5.469195E-03 6.984429E+03 1.872449E+02
20 3.431706E+06 1.400237E-03 1.122309E-02 3.324225E+03 1.222441E+03
20 1.204054E+06 9.356867E-03 6.909960E-02 5.273422E+03 1.372452E+02
20 1.712833E+06 5.416834E-03 1.352219E-02 7.781634E+02 2.484035E+03
20 9.909830E+05 3.617430E-03 9.732156E-03 3.039847E+03 2.167231E+03
20 2.688371E+06 1.324387E-02 7.223348E-03 3.269957E+03 5.081833E+03
20 1.942676E+06 1.093355E-02 6.265472E-04 3.301103E+03 8.218167E+03
20 3.136181E+06 7.091392E-03 1.133518E-02 1.474550E+02 1.826707E+03
20 2.387220E+06 1.063305E-02 1.428319E-02 1.787065E+03 2.453299E+03
20 6.843059E+05 8.044892E-03 5.710995E-03 5.063708E+03 1.317957E+03
20 1.495937E+07 6.610736E-02 1.177813E-02 8.099012E+03 4.735152E+03
20 3.441364E+06 1.042618E-02 1.343530E-02 2.452514E+02 1.522605E+03
20 1.442536E+06 1.151232E-02 5.839483E-03 5.706467E+03 1.254443E+03
20 1.340861E+06 7.806437E-04 1.135553E-02 1.929255E+01 7.824331E+03
20 1.289895E+06 2.826890E-03 1.706383E-02 2.208128E+03 3.367163E+03
20 1.335854E+06 1.406552E-02 3.572595E-03 5.336888E+03 8.363474E+02
20 1.183208E+06 4.693951E-03 1.143233E-02 2.311515E+03 4.512849E+03
20 4.246434E+06 6.205974E-03 8.702413E-04 1.843318E+03 7.350478E+02
20 1.736735E+06 3.882689E-03 9.117902E-03 1.555412E+03 1.846117E+03
20 5.044458E+06 9.517438E-03 3.122919E-02 3.568551E+03 2.287234E+03
20 2.154236E+06 9.065477E-03 1.405860E-02 1.666609E+03 2.922120E+03
20 7.954917E+05 1.145554E-02 6.133880E-03 7.331513E+03 2.441768E+02
20 5.114796E+05 8.622317E-03 7.228156E-03 1.343045E+03 5.736029E+03
20 2.380115E+06 1.875201E-02 5.210768E-03 3.582162E+03 1.066151E+03
20 1.795571E+06 1.144426E-03 1.108139E-02 1.784561E+03 2.928131E+03
20 1.273401E+06 1.086312E-02 1.068036E-03 6.614766E+03 3.674006E+01
20 1.104947E+06 5.117052E-03 1.288391E-02 6.179290E+03 9.658367E+02
20 4.473881E+06 3.773065E-04 4.825162E-03 1.379356E+03 3.286611E+03
20 2.732605E+06 3.575328E-03 8.527032E-02 5.805065E+03 7.563636E+02
20 7.676164E+06 3.693561E-02 8.584408E-03 1.131965E+01 6.454222E+01
20 2.928557E+06 1.215855E-02 2.064713E-02 3.751660E+01 7.089218E+03
20 1.967469E+06 1.693254E-02 5.035178E-03 3.161409E+03 2.180073E+03
20 1.687615E+06 8.003692E-03 2.770816E-03 4.488468E+03 4.603077E+03
20 3.689907E+06 1.252062E-02 6.906705E-04 1.393172E+03 4.719513E+03
20 1.089062E+06 1.504910E-02 6.357277E-03 4.784214E+03 7.752516E+01
20 2.111266E+06 1.523634E-02 2.611381E-03 8.096405E+03 5.428926E+02
20 6.433276E+06 1.358037E-03 5.989886E-03 1.286443E+02 3.804603E+02
20 1.226860E+06 1.280759E-02 5.390801E-03 3.925405E+03 1.050639E+02
20 6.277667E+05 7.368547E-03 9.409064E-03 6.374384E+03 7.169357E+02
20 5.512479E+06 2.126104E-02 1.186407E-03 3.636254E+02 4.753854E+03
20 7.234661E+06 1.231427E-02 3.971345E-04 1.482153E+02 7.707659E+02
20 3.874111E+06 7.466232E-03 1.526228E-02 1.963236E+03 4.304206E+01
20 3.066969E+06 2.853045E-03 4.331184E-03 3.227282E+03 4.163738E+03
20 5.019727E+06 1.220316E-03 2.737857E-03 3.219143E+03 7.644485E+03
20 1.093602E+06 1.259221E-02 6.272440E-03 4.102584E+03 8.910686E+02
20 6.430602E+06 1.935434E-02 3.615587E-03 1.985803E+01 6.431641E+02
20 3.011280E+06 7.685362E-03 1.906400E-02 3.328678E+03 3.628373E+01
20 6.074139E+05 1.157641E-02 5.371757E-03 3.652290E+03 1.072329E+03
20 3.285236E+06 1.136603E-02 1.164135E-03 1.426158E+03 4.786758E+03
20 8.630268E+06 1.073202E-02 7.013585E-02 3.650950E+03 2.801118E+03
20 6.499499E+06 9.140451E-02 4.919958E-02 5.102251E+01 4.599181E+03
20 3.090583E+06 6.285797E-03 1.460629E-02 3.383711E+03 4.773650E+03
20 5.879103E+05 6.394088E-03 7.658657E-03 3.866477E+03 1.419425E+03
20 5.220697E+06 1.087710E-02 7.223199E-02 3.898432E+01 1.445930E+03
20 2.145748E+06 1.240351E-02 1.211042E-02 1.620645E+03 2.415439E+03
20 5.728381E+06 1.345109E-02 8.574837E-04 5.768624E+02 4.560112E+01
20 2.377295E+06 1.736727E-02 1.014909E-02 7.563407E+01 2.855699E+03
20 3.775010E+06 1.481956E-02 4.036017E-03 1.421550E+03 1.003229E+02
