15 2.941256E+04 4.004407E-01
15 2.949120E+04 4.007495E-01
15 3.015705E+04 4.022800E-01
15 3.025142E+04 4.025832E-01
15 3.045589E+04 4.029047E-01
15 2.931818E+04 4.000865E-01
15 3.305636E+04 4.064658E-01
15 3.176661E+04 4.048655E-01
15 2.944926E+04 3.997782E-01
15 2.991063E+04 3.993923E-01
15 3.181380E+04 4.049115E-01
15 3.072328E+04 4.034623E-01
15 3.025142E+04 4.024493E-01
15 2.947547E+04 4.005960E-01
15 3.034579E+04 3.989646E-01
15 3.165651E+04 4.046680E-01
15 3.072328E+04 4.034553E-01
15 2.934964E+04 4.000952E-01
15 2.933391E+04 4.000535E-01
15 2.934964E+04 4.003109E-01
15 2.994209E+04 3.993637E-01
15 3.086483E+04 4.037443E-01
15 2.931818E+04 4.002040E-01
15 2.974810E+04 3.996470E-01
15 2.952266E+04 4.008973E-01
15 3.107979E+04 4.040240E-01
15 3.133669E+04 3.979550E-01
15 2.931818E+04 4.002033E-01
15 2.933391E+04 4.000234E-01
15 3.072328E+04 4.034593E-01
