0 4.000475E+05 6.460084E-03 7.426259E-03 2.741997E+03 2.525037E+03
1 4.000475E+05 6.460084E-03 7.426259E-03 2.741997E+03 2.525037E+03
2 4.000475E+05 6.460084E-03 7.426259E-03 2.741997E+03 2.525037E+03
3 4.000475E+05 6.460084E-03 7.426259E-03 2.741997E+03 2.525037E+03
4 4.000475E+05 6.460084E-03 7.426259E-03 2.741997E+03 2.525037E+03
5 4.000475E+05 6.460084E-03 7.426259E-03 2.741997E+03 2.525037E+03
6 4.000475E+05 6.460084E-03 7.426259E-03 2.741997E+03 2.525037E+03
7 2.209192E+05 5.308810E-03 1.048861E-02 2.917359E+03 2.086883E+03
8 2.209192E+05 5.308810E-03 1.048861E-02 2.917359E+03 2.086883E+03
9 2.209192E+05 5.308810E-03 1.048861E-02 2.917359E+03 2.086883E+03
10 2.116341E+05 3.477784E-03 1.146484E-02 1.859567E+03 3.201474E+03
11 1.160931E+05 3.618785E-03 1.167080E-02 2.321959E+03 3.102185E+03
12 1.160931E+05 3.618785E-03 1.167080E-02 2.321959E+03 3.102185E+03
13 1.160931E+05 3.618785E-03 1.167080E-02 2.321959E+03 3.102185E+03
14 1.160931E+05 3.618785E-03 1.167080E-02 2.321959E+03 3.102185E+03
15 1.160931E+05 3.618785E-03 1.167080E-02 2.321959E+03 3.102185E+03
16 1.160931E+05 3.618785E-03 1.167080E-02 2.321959E+03 3.102185E+03
17 1.160931E+05 3.618785E-03 1.167080E-02 2.321959E+03 3.102185E+03
18 1.160931E+05 3.618785E-03 1.167080E-02 2.321959E+03 3.102185E+03
19 1.160931E+05 3.618785E-03 1.167080E-02 2.321959E+03 3.102185E+03
20 1.160931E+05 3.618785E-03 1.167080E-02 2.321959E+03 3.102185E+03
21 1.160931E+05 3.618785E-03 1.167080E-02 2.321959E+03 3.102185E+03
22 1.160931E+05 3.618785E-03 1.167080E-02 2.321959E+03 3.102185E+03
23 1.160931E+05 3.618785E-03 1.167080E-02 2.321959E+03 3.102185E+03
24 1.160931E+05 3.618785E-03 1.167080E-02 2.321959E+03 3.102185E+03
25 1.160931E+05 3.618785E-03 1.167080E-02 2.321959E+03 3.102185E+03
26 1.160931E+05 3.618785E-03 1.167080E-02 2.321959E+03 3.102185E+03
27 1.160931E+05 3.618785E-03 1.167080E-02 2.321959E+03 3.102185E+03
28 1.160931E+05 3.618785E-03 1.167080E-02 2.321959E+03 3.102185E+03
29 1.160931E+05 3.618785E-03 1.167080E-02 2.321959E+03 3.102185E+03
30 1.160931E+05 3.618785E-03 1.167080E-02 2.321959E+03 3.102185E+03
31 1.113011E+05 4.860813E-03 1.040872E-02 1.926410E+03 2.960708E+03
32 1.113011E+05 4.860813E-03 1.040872E-02 1.926410E+03 2.960708E+03
33 1.113011E+05 4.860813E-03 1.040872E-02 1.926410E+03 2.960708E+03
34 1.113011E+05 4.860813E-03 1.040872E-02 1.926410E+03 2.960708E+03
35 1.113011E+05 4.860813E-03 1.040872E-02 1.926410E+03 2.960708E+03
36 5.078778E+04 1.024914E-02 4.807927E-03 3.055988E+03 1.914806E+03
37 5.078778E+04 1.024914E-02 4.807927E-03 3.055988E+03 1.914806E+03
38 5.078778E+04 1.024914E-02 4.807927E-03 3.055988E+03 1.914806E+03
39 5.078778E+04 1.024914E-02 4.807927E-03 3.055988E+03 1.914806E+03
40 5.078778E+04 1.024914E-02 4.807927E-03 3.055988E+03 1.914806E+03
41 5.078778E+04 1.024914E-02 4.807927E-03 3.055988E+03 1.914806E+03
42 5.078778E+04 1.024914E-02 4.807927E-03 3.055988E+03 1.914806E+03
43 5.078778E+04 1.024914E-02 4.807927E-03 3.055988E+03 1.914806E+03
44 5.078778E+04 1.024914E-02 4.807927E-03 3.055988E+03 1.914806E+03
45 5.078778E+04 1.024914E-02 4.807927E-03 3.055988E+03 1.914806E+03
46 5.078778E+04 1.024914E-02 4.807927E-03 3.055988E+03 1.914806E+03
47 5.078778E+04 1.024914E-02 4.807927E-03 3.055988E+03 1.914806E+03
48 5.078778E+04 1.024914E-02 4.807927E-03 3.055988E+03 1.914806E+03
49 5.078778E+04 1.024914E-02 4.807927E-03 3.055988E+03 1.914806E+03
50 5.078778E+04 1.024914E-02 4.807927E-03 3.055988E+03 1.914806E+03
