50 1.335493E+06 2.572290E-03 1.676333E-02 1.653961E+03 3.846366E+03
50 6.483870E+05 9.717527E-03 4.988198E-03 3.153660E+03 1.049707E+03
50 8.869170E+05 1.265288E-02 3.852296E-03 2.797335E+03 9.588009E+03
50 9.412647E+05 6.841813E-03 1.124583E-02 1.074773E+03 4.361965E+03
50 1.777095E+06 3.698026E-03 1.094190E-02 1.988844E+03 1.523093E+03
50 5.256040E+05 8.653574E-03 4.807927E-03 3.055988E+03 1.914806E+03
50 6.039798E+05 1.457444E-02 1.728363E-03 4.147674E+03 3.038999E+03
50 4.769448E+05 8.200579E-03 8.994475E-03 3.223195E+03 1.423371E+03
50 2.455367E+06 7.064668E-03 3.016122E-03 1.596164E+03 4.063689E+03
50 7.844607E+05 8.884562E-03 8.224696E-03 2.745363E+03 2.327716E+03
50 9.730680E+05 1.762605E-03 1.264363E-02 1.999211E+03 5.937821E+03
50 1.243464E+06 1.857817E-03 1.085140E-02 1.369099E+03 3.268192E+03
50 8.899789E+05 4.918462E-03 7.999479E-03 7.993878E+02 5.576691E+03
50 1.306295E+06 1.248963E-02 9.689258E-03 1.013041E+03 5.055616E+03
50 4.253496E+05 7.770411E-03 7.049706E-03 1.241646E+03 4.569701E+03
50 3.368094E+06 1.462375E-02 1.218149E-02 2.322300E+03 2.955589E+03
50 3.473576E+06 6.806690E-03 9.978134E-03 4.435423E+02 1.224879E+03
50 5.503451E+05 6.808295E-03 8.646749E-03 1.189295E+03 3.190501E+03
50 6.640527E+05 1.111019E-02 7.136654E-03 7.842057E+02 6.085171E+03
50 3.693190E+05 7.019598E-03 7.411493E-03 1.885853E+03 3.727204E+03
50 5.575383E+05 7.541704E-03 7.322324E-03 3.676231E+03 2.161503E+03
50 9.246763E+05 6.947327E-03 1.097458E-02 1.363560E+03 3.798423E+03
50 8.612636E+05 9.236294E-03 6.569491E-03 1.040953E+03 3.843609E+03
50 2.797166E+06 6.178192E-03 9.709436E-03 3.123597E+03 9.209192E+03
50 1.177247E+06 9.094310E-03 3.096911E-03 2.677186E+03 3.950451E+03
50 1.613129E+05 1.190126E-02 3.332216E-03 3.271494E+03 2.385725E+03
50 3.130130E+06 2.585138E-03 2.067714E-02 7.934194E+02 5.869758E+03
50 2.292659E+05 4.298932E-03 1.133496E-02 2.873963E+03 2.804934E+03
50 1.278267E+05 5.895775E-03 9.151968E-03 1.545428E+03 3.268833E+03
50 2.026583E+05 7.071113E-03 8.919099E-03 9.587462E+02 4.382559E+03
50 1.511208E+05 7.367875E-03 7.469949E-03 2.200802E+03 2.895229E+03
50 5.261545E+05 7.515050E-03 6.031948E-03 2.321959E+03 3.102185E+03
50 1.509011E+06 8.163164E-03 6.241566E-03 6.186419E+02 5.047031E+03
50 1.585557E+06 3.676265E-03 7.061588E-03 1.312990E+03 3.826590E+03
50 1.343719E+06 1.270729E-02 3.305217E-03 3.184131E+03 4.098519E+02
50 8.222881E+05 4.959805E-03 1.215824E-02 8.134140E+03 1.540061E+03
50 2.766825E+05 1.028372E-02 5.637456E-03 2.904801E+03 1.835916E+03
50 8.602518E+05 1.077351E-02 5.767136E-03 2.405240E+03 1.481904E+03
50 3.799583E+06 1.257196E-03 2.591335E-02 1.903573E+03 5.447704E+03
50 8.441299E+05 3.901075E-03 1.081830E-02 8.390067E+02 6.520467E+03
50 1.698153E+06 5.736301E-03 8.783034E-03 5.593525E+03 3.405604E+03
50 1.848687E+06 1.019576E-02 1.255091E-02 3.037284E+03 1.612902E+03
50 1.230478E+06 3.667192E-03 7.868258E-03 1.556801E+03 3.555560E+03
50 1.698195E+06 5.004363E-03 5.470701E-03 2.898528E+03 2.201095E+03
50 2.200982E+06 1.457797E-02 1.013267E-02 1.651961E+03 3.247372E+03
50 4.719693E+05 5.215965E-03 9.559613E-03 1.381973E+03 4.666869E+03
50 1.089392E+06 1.041068E-02 8.726590E-03 3.953181E+03 1.201441E+03
50 5.564426E+05 1.109171E-02 5.689611E-03 6.287554E+03 2.876187E+02
50 2.991897E+06 4.118064E-03 3.270016E-03 3.105394E+03 3.739580E+03
50 2.567648E+05 4.504365E-03 1.035355E-02 2.397625E+03 3.143880E+03
50 3.346425E+05 7.087353E-03 9.420136E-03 3.477823E+03 1.723384E+03
50 9.928966E+04 7.090422E-03 8.390339E-03 1.345470E+03 3.967070E+03
50 6.824604E+05 7.838408E-03 7.842486E-03 3.610102E+03 2.245384E+03
50 3.157519E+06 3.806399E-03 2.281424E-02 5.194544E+02 4.526844E+03
50 3.345241E+06 8.175119E-03 1.036155E-02 4.781841E+03 5.939342E+03
50 8.101351E+05 4.244863E-03 1.093761E-02 1.023196E+03 5.934178E+03
50 5.824945E+05 6.002247E-03 9.832577E-03 1.198215E+03 5.088589E+03
50 3.688481E+06 8.287652E-03 1.087316E-02 2.644296E+02 1.300449E+03
50 2.038170E+05 7.515595E-03 7.682640E-03 1.748350E+03 2.980323E+03
50 5.611035E+05 1.774112E-03 1.406171E-02 2.105481E+03 3.577698E+03
50 5.173669E+06 8.834664E-03 1.013264E-02 5.762034E+02 2.297985E+02
50 4.937954E+05 5.159892E-03 1.167200E-02 2.405478E+03 2.198198E+03
50 7.904113E+05 1.649451E-02 6.542446E-03 1.009795E+03 5.724019E+03
50 6.835877E+05 6.606183E-03 6.696632E-03 2.062545E+03 3.855698E+03
50 1.342455E+06 7.837140E-03 7.785207E-03 3.169385E+03 3.953769E+03
50 8.831107E+05 8.541946E-03 8.188682E-03 2.931979E+03 1.040504E+03
50 8.073511E+05 8.248369E-03 9.748421E-03 3.296249E+03 1.733507E+03
50 1.370872E+06 9.465095E-03 9.678980E-03 2.444273E+03 2.589314E+03
50 9.047114E+05 1.579228E-02 3.479279E-03 2.749020E+03 3.376388E+03
50 1.911360E+06 3.451593E-03 6.893390E-03 5.195730E+02 5.844455E+03
50 1.201422E+06 7.594325E-03 5.756315E-03 3.489866E+03 3.659304E+03
50 1.749858E+06 3.631272E-03 1.596499E-02 4.476127E+02 5.694442E+03
50 1.531209E+06 3.891335E-03 1.247694E-02 4.104567E+03 4.550524E+03
50 6.517581E+05 3.665589E-03 1.059507E-02 9.734828E+02 5.678371E+03
50 3.447298E+05 4.138586E-03 9.965230E-03 9.642615E+02 4.585143E+03
50 2.823626E+06 4.778315E-03 1.006096E-02 1.135877E+03 1.053693E+03
50 2.126250E+05 6.117046E-03 9.496532E-03 1.772736E+03 3.174854E+03
50 8.252713E+05 1.483809E-02 2.266113E-03 3.998568E+03 2.935032E+03
50 1.843365E+06 2.813044E-03 1.768098E-02 2.163330E+03 4.081170E+03
50 2.994209E+05 4.194232E-03 1.127097E-02 1.499710E+03 3.791305E+03
50 1.040927E+06 3.110852E-03 1.208292E-02 5.695199E+03 1.897458E+03
50 3.929591E+05 2.373871E-03 1.175756E-02 1.107306E+03 4.358026E+03
50 5.135401E+05 8.092104E-03 1.295199E-02 6.026295E+03 6.231539E+02
50 8.964119E+05 4.261969E-03 1.331854E-02 2.612868E+03 1.889707E+03
50 2.054454E+06 5.937985E-03 1.623654E-02 2.056303E+02 7.092259E+03
50 1.599152E+06 5.068752E-03 1.039943E-02 8.423555E+03 2.898324E+03
50 2.384137E+06 7.005654E-03 1.409508E-02 2.629073E+03 3.509271E+03
50 4.335442E+05 8.567489E-03 9.136235E-03 5.542070E+02 5.443713E+03
50 1.074717E+06 1.398264E-02 4.009389E-03 4.363122E+03 8.492569E+02
50 1.075828E+06 3.735933E-03 1.121328E-02 1.454998E+03 2.351462E+03
50 5.595621E+05 5.306479E-03 8.080630E-03 1.767802E+03 3.214821E+03
50 2.205297E+06 6.782176E-03 1.137128E-02 2.602595E+03 5.152344E+03
50 6.354738E+05 3.389197E-03 1.254627E-02 2.617100E+03 2.371521E+03
50 5.691933E+05 9.538828E-03 8.295905E-03 4.337228E+03 5.823001E+02
50 7.383653E+05 5.793344E-03 9.594067E-03 1.032886E+03 3.075724E+03
50 6.196361E+06 1.201635E-02 1.093453E-02 3.233821E+02 1.053267E+02
50 6.923171E+05 7.043887E-03 7.002891E-03 1.580318E+03 2.832647E+03
50 2.025781E+06 8.013354E-03 7.044722E-03 2.133240E+03 6.987398E+02
50 1.348747E+06 9.217062E-03 1.166547E-02 1.002131E+03 4.088128E+03
50 7.597248E+05 8.585711E-03 6.493374E-03 1.962415E+03 1.965772E+03
50 7.492810E+05 3.969892E-03 9.179388E-03 2.370356E+03 3.821076E+03
50 4.852705E+05 1.259844E-02 2.080300E-03 4.432471E+03 3.208752E+03
50 1.462501E+05 4.978269E-03 9.684781E-03 1.945606E+03 2.962656E+03
50 4.938478E+05 8.554094E-03 6.574808E-03 2.174154E+03 3.949508E+03
50 1.473721E+05 8.407385E-03 6.889201E-03 1.838497E+03 3.193640E+03
50 8.448272E+05 7.646259E-03 9.119609E-03 5.982935E+03 1.446320E+03
50 2.055859E+06 4.734047E-03 1.131028E-02 2.844412E+03 6.290130E+03
50 4.506308E+05 5.391552E-03 1.086562E-02 1.200120E+03 4.000438E+03
50 4.822296E+05 1.066597E-02 4.224514E-03 3.496119E+03 9.755076E+02
50 4.268952E+06 2.890879E-03 2.489820E-02 9.233459E+02 5.783242E+03
50 7.270040E+05 8.722195E-03 1.178497E-02 3.564973E+02 5.840705E+03
50 3.787509E+05 1.077356E-02 4.718540E-03 3.064628E+03 2.713768E+03
50 2.565184E+05 3.290688E-03 1.151269E-02 1.302092E+03 4.150227E+03
50 1.948988E+05 5.415799E-03 1.012069E-02 1.037863E+03 4.275378E+03
50 2.824502E+06 3.383816E-03 4.564795E-03 2.510943E+03 2.795543E+03
50 3.480617E+06 1.038525E-02 1.434637E-02 1.396168E+03 3.337433E+02
50 1.412589E+06 9.135464E-03 2.282776E-03 3.187512E+03 3.952003E+03
50 2.596064E+05 9.366519E-03 7.232564E-03 1.330627E+03 4.236019E+03
50 5.707714E+05 6.717140E-03 7.542270E-03 1.037793E+03 4.517217E+03
50 5.210794E+05 5.710311E-03 9.285816E-03 4.858510E+03 1.717835E+03
50 7.394663E+05 1.431264E-02 6.415605E-03 1.270183E+03 5.620631E+03
50 7.432569E+05 4.812700E-03 1.045463E-02 6.844289E+02 3.636820E+03
50 7.017385E+05 7.431089E-03 1.025037E-02 2.757976E+03 2.052621E+03
50 6.221359E+06 2.200608E-02 7.025011E-03 6.995118E+03 4.156755E+03
50 2.764481E+06 1.191163E-02 5.497964E-03 3.562945E+02 3.328797E+03
50 2.903323E+06 2.932968E-03 7.866913E-03 7.377062E+03 9.456408E+02
50 1.114594E+06 3.602515E-03 1.020987E-02 2.729460E+03 4.758289E+03
50 5.081504E+05 6.328462E-03 1.010034E-02 1.777199E+03 3.245773E+03
50 1.001804E+06 3.972887E-03 1.483280E-02 7.421254E+03 1.520004E+03
50 5.521487E+05 7.804473E-03 8.885181E-03 1.879063E+03 3.126634E+03
50 6.422528E+05 3.314763E-03 1.093336E-02 3.121151E+03 2.459846E+03
50 1.545218E+06 7.613372E-03 3.927280E-03 3.467907E+03 5.094605E+03
50 6.864031E+05 1.117767E-02 1.037012E-02 5.233014E+03 4.044556E+02
50 2.068930E+06 9.742937E-03 6.213970E-03 4.148448E+03 5.425161E+03
50 1.302457E+06 8.337502E-03 6.784426E-03 2.218492E+03 1.141790E+03
50 1.107752E+06 1.395664E-03 1.440175E-02 4.715857E+02 6.412322E+03
50 9.089791E+05 1.303594E-02 4.508544E-03 1.521782E+03 7.709791E+03
50 2.215001E+06 3.666967E-03 6.473924E-03 1.914603E+03 2.139769E+03
50 1.876112E+06 7.273138E-03 8.654224E-03 8.329888E+02 2.049460E+03
50 1.671677E+06 3.828481E-03 6.619848E-03 1.545418E+03 3.699324E+03
50 1.473595E+06 5.586544E-03 5.145882E-03 2.803875E+03 3.033597E+03
50 4.892498E+05 1.346902E-02 1.276396E-03 4.422521E+03 2.729022E+03
50 6.057991E+05 5.541750E-03 1.068684E-02 5.109140E+02 6.739475E+03
50 8.713562E+05 1.289777E-02 6.222067E-03 8.987455E+02 7.080901E+03
50 1.528142E+05 9.394414E-03 5.865377E-03 2.373912E+03 2.461614E+03
50 2.264924E+05 9.408088E-03 6.282339E-03 4.996522E+03 7.986913E+02
50 3.724731E+06 9.140330E-03 5.643118E-03 2.882053E+02 1.773434E+03
50 7.114745E+05 1.225568E-02 3.470844E-03 3.897377E+03 3.086984E+03
50 1.406728E+06 1.425714E-02 3.934278E-03 1.516495E+03 3.090234E+03
50 2.739001E+06 1.111566E-02 1.104600E-02 3.913853E+03 2.304267E+03
50 3.099119E+05 3.546191E-03 1.137375E-02 3.338958E+03 2.892009E+03
50 1.420097E+06 5.539004E-03 1.455586E-02 3.515769E+02 5.729584E+03
50 1.929223E+05 8.532912E-03 7.428098E-03 1.392409E+03 3.901851E+03
50 7.719459E+05 5.429135E-03 1.084202E-02 1.502906E+03 2.499242E+03
50 5.358695E+05 4.463080E-03 9.775675E-03 2.787632E+03 3.224574E+03
50 4.816948E+05 7.369448E-03 7.623541E-03 1.253954E+03 5.400319E+03
50 5.264743E+05 5.340343E-03 9.403072E-03 2.786008E+03 3.077850E+03
50 7.968077E+05 1.248405E-02 5.773807E-03 5.169151E+03 4.163641E+02
50 2.734162E+05 7.068634E-03 7.238594E-03 1.982199E+03 3.212520E+03
50 3.296933E+05 5.954839E-03 9.346181E-03 2.890428E+03 1.859221E+03
50 3.935515E+05 7.073491E-03 6.843179E-03 3.341695E+03 1.929372E+03
50 9.924038E+05 1.523534E-02 3.109959E-03 2.143442E+03 8.635081E+03
50 6.670307E+05 6.599680E-03 1.007960E-02 1.207508E+03 4.632511E+03
50 8.951274E+05 2.615818E-03 1.206838E-02 3.315972E+03 2.404176E+03
50 3.899843E+06 1.040484E-02 3.316599E-03 3.266956E+02 5.532836E+03
50 8.357570E+05 6.241420E-03 9.861058E-03 1.516164E+03 2.338484E+03
50 6.056785E+05 1.094635E-02 3.203957E-03 2.645541E+03 3.374569E+03
50 6.875513E+05 9.868142E-03 7.568081E-03 2.042369E+03 2.982773E+03
50 1.309677E+06 5.153227E-03 9.113865E-03 2.056159E+03 1.584882E+03
50 9.844294E+05 5.443082E-03 8.401549E-03 6.307600E+03 1.655962E+03
50 6.419487E+05 5.212040E-03 1.177486E-02 2.998166E+03 1.693766E+03
50 1.869595E+06 1.498784E-02 9.710810E-03 2.862704E+02 3.051832E+03
50 1.087562E+06 1.185165E-02 6.508540E-03 3.641898E+03 4.479508E+02
50 1.932882E+06 1.280017E-02 7.796418E-03 3.047453E+03 2.359984E+03
50 1.124194E+06 1.073303E-02 3.723132E-03 2.263925E+03 1.605161E+03
50 1.387119E+06 2.783245E-03 9.946869E-03 2.832027E+03 2.246799E+03
50 4.625898E+05 3.489295E-03 1.134752E-02 1.829309E+03 2.878196E+03
50 1.143656E+06 3.563954E-03 9.247089E-03 1.733542E+03 5.728402E+03
50 1.451240E+06 6.016607E-03 5.664174E-03 3.285147E+03 1.383990E+03
50 4.176898E+05 6.604796E-03 9.121045E-03 4.590770E+03 1.678401E+03
50 1.556034E+06 1.365208E-03 1.934791E-02 3.719666E+03 3.890321E+03
50 4.627576E+05 5.919210E-03 1.021088E-02 2.798113E+03 1.773851E+03
50 2.223778E+06 7.631933E-03 1.490047E-02 1.032939E+03 4.362003E+03
50 4.868276E+05 7.644905E-03 9.926261E-03 3.381099E+03 1.529644E+03
50 5.129791E+05 4.863328E-03 9.545225E-03 3.402625E+03 1.956630E+03
50 7.871608E+05 1.213000E-02 5.079770E-03 2.211286E+03 2.009085E+03
50 1.408238E+05 6.969749E-03 7.880109E-03 3.140432E+03 1.916217E+03
50 1.042599E+06 9.575501E-03 2.878858E-03 3.047077E+03 2.118705E+03
50 1.760255E+06 8.147460E-03 1.496630E-02 2.991897E+03 1.783254E+03
50 1.302436E+06 9.802355E-03 4.677609E-03 2.707779E+03 7.832455E+02
50 1.698510E+06 7.377083E-03 7.016383E-03 2.662483E+03 6.916746E+03
50 1.901100E+06 5.497274E-03 4.716003E-03 1.908440E+03 6.374708E+03
50 5.693348E+05 5.825267E-03 1.100020E-02 1.571023E+03 3.295709E+03
50 1.559641E+06 2.214948E-02 5.204170E-03 1.344284E+03 3.471158E+03
50 2.603404E+05 1.088317E-02 3.705530E-03 3.870054E+03 1.135632E+03
50 2.478781E+06 1.853373E-02 2.637678E-03 5.214414E+03 1.671769E+03
50 5.768688E+05 7.231925E-03 9.010682E-03 7.125493E+02 4.211619E+03
50 1.329600E+06 8.608110E-03 6.707456E-03 1.023358E+03 2.752454E+03
50 1.765487E+06 1.227102E-02 1.011818E-02 8.551363E+02 2.533299E+03
50 2.303790E+06 9.594166E-03 1.344795E-02 3.886858E+03 1.821664E+03
