0 1.364024E+06 1.364455E-04 1.627549E-02 3.806964E+03 4.158977E+03
1 1.364024E+06 1.364455E-04 1.627549E-02 3.806964E+03 4.158977E+03
2 1.353470E+06 5.168334E-02 9.505542E-03 7.434865E+01 6.448022E+03
3 9.741271E+05 1.445478E-02 8.789756E-03 2.426915E+02 7.017649E+03
4 9.741271E+05 1.445478E-02 8.789756E-03 2.426915E+02 7.017649E+03
5 9.741271E+05 1.445478E-02 8.789756E-03 2.426915E+02 7.017649E+03
6 6.332508E+05 1.040913E-02 9.057096E-03 6.247382E+02 4.531183E+03
7 6.332508E+05 1.040913E-02 9.057096E-03 6.247382E+02 4.531183E+03
8 6.332508E+05 1.040913E-02 9.057096E-03 6.247382E+02 4.531183E+03
9 6.332508E+05 1.040913E-02 9.057096E-03 6.247382E+02 4.531183E+03
10 4.171288E+05 1.097470E-02 3.354490E-03 2.963122E+03 3.283419E+03
11 4.171288E+05 1.097470E-02 3.354490E-03 2.963122E+03 3.283419E+03
12 4.171288E+05 1.097470E-02 3.354490E-03 2.963122E+03 3.283419E+03
13 1.727424E+05 3.687724E-03 1.195176E-02 2.480594E+03 3.020983E+03
14 1.727424E+05 3.687724E-03 1.195176E-02 2.480594E+03 3.020983E+03
15 1.727424E+05 3.687724E-03 1.195176E-02 2.480594E+03 3.020983E+03
16 1.727424E+05 3.687724E-03 1.195176E-02 2.480594E+03 3.020983E+03
17 1.727424E+05 3.687724E-03 1.195176E-02 2.480594E+03 3.020983E+03
18 1.727424E+05 3.687724E-03 1.195176E-02 2.480594E+03 3.020983E+03
19 1.727424E+05 3.687724E-03 1.195176E-02 2.480594E+03 3.020983E+03
20 1.727424E+05 3.687724E-03 1.195176E-02 2.480594E+03 3.020983E+03
21 1.727424E+05 3.687724E-03 1.195176E-02 2.480594E+03 3.020983E+03
22 1.727424E+05 3.687724E-03 1.195176E-02 2.480594E+03 3.020983E+03
23 1.727424E+05 3.687724E-03 1.195176E-02 2.480594E+03 3.020983E+03
24 1.727424E+05 3.687724E-03 1.195176E-02 2.480594E+03 3.020983E+03
25 1.727424E+05 3.687724E-03 1.195176E-02 2.480594E+03 3.020983E+03
26 1.727424E+05 3.687724E-03 1.195176E-02 2.480594E+03 3.020983E+03
27 1.727424E+05 3.687724E-03 1.195176E-02 2.480594E+03 3.020983E+03
28 1.727424E+05 3.687724E-03 1.195176E-02 2.480594E+03 3.020983E+03
29 1.727424E+05 3.687724E-03 1.195176E-02 2.480594E+03 3.020983E+03
30 1.727424E+05 3.687724E-03 1.195176E-02 2.480594E+03 3.020983E+03
31 1.431411E+05 3.687724E-03 1.181993E-02 2.480594E+03 3.020983E+03
32 1.431411E+05 3.687724E-03 1.181993E-02 2.480594E+03 3.020983E+03
33 1.431411E+05 3.687724E-03 1.181993E-02 2.480594E+03 3.020983E+03
34 1.431411E+05 3.687724E-03 1.181993E-02 2.480594E+03 3.020983E+03
35 1.431411E+05 3.687724E-03 1.181993E-02 2.480594E+03 3.020983E+03
36 1.431411E+05 3.687724E-03 1.181993E-02 2.480594E+03 3.020983E+03
37 1.431411E+05 3.687724E-03 1.181993E-02 2.480594E+03 3.020983E+03
38 1.431411E+05 3.687724E-03 1.181993E-02 2.480594E+03 3.020983E+03
39 1.431411E+05 3.687724E-03 1.181993E-02 2.480594E+03 3.020983E+03
40 1.431411E+05 3.687724E-03 1.181993E-02 2.480594E+03 3.020983E+03
