40 1.827175E+06 3.721291E-03 6.225555E-03 3.375390E+03 2.988779E+03
40 3.250780E+06 1.181177E-02 1.245699E-02 6.465421E+03 1.507369E+03
40 2.316556E+06 1.864392E-03 9.686959E-03 3.451912E+02 2.763808E+03
40 4.947182E+05 1.289205E-02 1.864110E-03 3.732900E+03 5.385443E+03
40 2.633153E+06 6.568214E-03 1.401885E-02 2.231448E+03 4.755180E+03
40 2.570579E+06 1.449532E-02 8.338267E-03 1.436781E+03 1.087690E+03
40 1.242788E+06 5.533321E-03 9.999093E-03 2.263868E+03 4.864186E+03
40 7.768433E+06 1.196546E-03 1.461121E-02 5.692162E+01 3.208477E+01
40 6.035656E+05 1.191791E-02 4.250608E-03 2.133036E+03 6.126574E+03
40 7.707820E+05 1.135811E-02 9.588213E-03 5.024747E+02 4.466167E+03
40 1.170756E+06 7.506326E-03 8.393569E-03 3.158244E+03 3.415972E+03
40 1.958022E+06 5.105725E-03 1.044226E-02 6.515463E+03 5.424620E+02
40 1.093376E+06 5.386938E-04 1.604335E-02 4.698853E+02 5.105750E+03
40 8.523554E+06 1.152737E-02 2.484035E-02 8.148347E+03 5.347071E+03
40 4.317118E+06 2.599012E-03 1.294071E-02 1.458593E+02 1.074298E+03
40 4.218820E+06 6.129045E-03 1.335780E-02 7.156094E+02 5.550578E+02
40 1.643632E+06 1.113466E-02 4.291096E-03 4.697364E+03 4.712037E+03
40 6.913157E+05 7.720264E-03 8.192350E-03 5.815032E+02 5.282960E+03
40 5.085961E+05 3.831382E-03 1.173207E-02 5.305345E+02 4.398803E+03
40 1.225214E+06 2.699369E-03 1.491611E-02 6.811717E+03 3.944287E+03
40 2.268416E+06 1.445478E-02 1.284136E-02 7.974328E+02 5.272187E+03
40 1.902662E+06 2.645470E-03 1.480277E-02 1.698360E+02 2.980346E+03
40 5.501606E+06 8.933867E-03 5.808132E-02 8.187672E+03 1.695210E+03
40 5.138337E+05 7.858027E-03 6.226708E-03 1.788086E+03 4.105530E+03
40 2.765252E+06 2.556836E-02 3.354490E-03 2.963122E+03 3.283419E+03
40 4.206488E+06 1.518611E-02 8.640794E-03 6.874635E+03 2.048083E+03
40 3.341387E+06 8.374599E-04 5.874502E-03 3.354327E+03 4.542845E+03
40 1.154671E+06 8.461052E-03 6.828234E-03 1.039712E+03 2.988747E+03
40 9.605638E+05 1.098827E-02 2.776519E-03 4.894338E+03 2.958354E+03
40 2.940370E+06 5.537730E-04 7.503927E-03 1.293056E+03 3.835387E+03
40 9.594103E+05 9.133932E-03 8.808572E-03 1.303759E+03 5.409571E+03
40 8.547520E+05 8.074817E-03 1.539983E-02 5.551250E+03 8.721079E+02
40 1.085802E+07 5.074212E-02 1.561963E-02 4.790572E+03 2.390442E+03
40 8.717022E+05 6.462802E-03 1.200827E-02 6.659421E+03 1.477857E+03
40 1.834998E+06 3.468160E-03 1.521288E-02 2.373863E+02 7.946883E+03
40 7.594312E+05 1.190269E-02 9.360837E-03 5.920763E+02 4.397775E+03
40 5.271884E+06 4.303651E-03 1.120207E-02 1.815001E+03 1.198499E+01
40 1.249006E+06 9.740293E-03 9.896171E-03 1.233692E+03 4.706164E+03
40 2.226326E+06 1.736842E-02 2.408029E-03 5.420044E+03 2.709302E+03
40 1.922569E+06 8.178126E-03 2.317978E-02 2.843153E+03 6.325910E+02
40 5.682102E+06 6.079632E-03 5.997587E-02 4.302828E+03 2.328551E+03
40 1.740054E+06 1.566190E-02 1.443066E-02 2.141228E+02 7.489928E+03
40 8.721374E+05 8.736443E-04 1.468489E-02 4.957968E+03 3.906777E+03
40 8.320293E+05 8.957076E-03 8.838635E-03 7.220921E+03 8.503377E+02
40 4.177930E+06 1.866545E-03 3.394305E-03 2.277826E+03 5.068877E+03
40 3.296671E+06 7.841128E-03 1.372250E-02 1.513323E+03 3.880521E+02
40 7.022209E+05 6.876937E-04 1.409346E-02 6.940890E+02 5.307336E+03
40 3.372409E+06 1.141301E-03 3.024577E-02 1.673409E+03 1.999092E+03
40 9.002077E+05 7.248261E-03 7.451216E-03 1.340881E+03 2.608337E+03
40 9.412962E+05 1.124965E-02 6.355323E-03 6.904131E+03 5.256159E+02
40 6.669268E+06 4.984396E-02 2.160947E-03 4.468002E+03 7.827338E+02
40 4.276775E+06 1.355942E-02 1.246549E-02 3.536026E+03 3.490156E+03
40 1.790763E+06 7.820839E-03 9.589184E-03 1.846736E+03 6.680761E+03
40 2.208563E+05 5.265005E-03 1.027763E-02 7.548184E+02 4.885701E+03
40 1.422309E+06 3.687724E-03 1.141057E-02 6.730342E+03 1.324151E+03
40 6.898529E+05 1.170817E-02 6.500388E-03 9.569262E+02 6.039655E+03
40 1.672065E+06 7.321590E-02 7.360642E-03 1.743865E+02 7.571248E+03
40 1.477763E+06 3.138627E-03 7.601905E-03 1.061954E+03 6.193452E+03
40 2.901567E+06 1.269537E-03 6.879178E-03 1.879194E+03 3.293646E+03
40 1.503312E+06 2.484490E-03 1.290771E-02 2.485811E+02 9.418310E+03
40 1.357198E+06 8.430761E-03 3.998841E-03 3.407992E+03 7.935973E+02
40 3.963271E+06 9.724802E-03 4.645482E-02 5.530535E+03 1.258686E+03
40 6.542380E+05 2.564427E-03 1.520867E-02 3.487807E+03 3.134569E+03
40 2.649070E+05 4.294140E-03 9.943178E-03 2.203422E+03 3.158890E+03
40 1.477244E+06 1.289543E-02 3.355928E-03 4.752449E+03 5.661579E+03
40 6.859412E+06 8.321915E-03 1.148201E-02 2.607281E+02 1.576673E+01
40 2.218493E+06 4.885849E-03 1.093821E-02 1.319085E+03 1.313433E+03
40 2.004033E+06 8.881168E-03 5.420423E-03 1.718483E+03 1.018768E+03
40 6.816059E+05 4.975290E-03 1.155911E-02 6.611377E+03 1.561341E+03
40 2.138644E+06 7.709780E-03 8.416706E-03 6.251159E+02 2.132678E+03
40 1.294027E+06 5.557363E-03 7.310866E-03 5.794847E+02 5.424671E+03
40 3.632267E+05 3.466918E-03 1.272036E-02 1.817712E+03 3.251651E+03
40 1.955594E+06 7.836276E-03 8.920865E-02 4.995849E+03 7.973431E+02
40 1.458207E+06 1.061280E-02 2.128283E-03 5.472852E+03 1.868609E+01
40 1.583827E+06 7.493357E-03 1.411037E-02 2.905494E+03 2.014973E+03
40 3.068013E+06 2.987785E-04 2.632594E-02 1.470290E+03 3.922130E+03
40 4.446906E+05 1.369262E-02 1.644280E-03 3.952702E+03 3.105709E+03
40 1.291557E+06 5.238115E-03 1.258776E-02 1.827565E+02 9.094820E+03
40 2.474377E+06 9.517332E-03 5.696920E-03 2.552071E+02 9.356730E+03
40 2.467897E+06 4.535595E-03 9.981149E-03 1.399909E+03 1.151291E+03
40 1.104507E+06 1.389967E-02 3.000868E-03 4.462874E+03 2.411563E+03
40 2.876076E+06 7.407889E-03 1.028733E-02 4.240691E+03 5.720531E+03
40 1.584818E+06 6.342527E-03 5.390230E-03 1.097936E+03 5.365278E+03
40 1.385636E+06 5.465117E-02 1.129322E-02 3.052654E+02 3.927737E+03
40 3.712022E+06 6.529318E-04 5.099767E-03 1.075097E+03 6.918835E+03
40 5.385591E+05 1.306929E-03 1.434918E-02 2.207293E+03 4.296637E+03
40 2.358148E+06 9.741176E-04 8.691649E-03 5.334468E+03 3.251593E+03
40 1.232853E+06 7.184672E-04 1.164573E-02 1.983216E+02 7.665398E+03
40 3.867856E+06 4.038141E-02 2.348509E-02 3.051126E+02 2.011014E+03
40 1.195828E+06 6.255477E-03 8.855465E-03 6.258999E+03 2.164759E+03
40 2.478482E+06 1.168736E-02 1.081149E-02 4.338978E+02 2.102025E+03
40 3.619826E+06 7.136506E-03 1.220451E-02 4.308614E+03 6.792005E+03
40 8.752988E+05 1.416008E-02 2.959605E-03 4.028810E+03 7.056565E+02
40 3.716856E+06 1.604199E-03 6.029235E-03 1.073354E+03 2.024330E+03
40 3.499900E+06 4.399699E-03 1.046826E-02 6.247382E+02 1.052004E+03
40 3.032692E+05 1.143943E-02 3.192371E-03 3.146781E+03 2.153664E+03
40 2.829310E+06 6.034862E-03 8.933452E-03 3.779321E+03 2.174694E+02
40 6.489291E+06 4.698053E-04 1.268476E-02 3.082374E+03 3.121185E+02
40 4.871721E+06 1.123039E-02 6.664208E-03 7.330897E+02 1.960478E+02
40 2.142409E+06 5.967722E-03 3.413363E-03 2.651641E+03 3.154652E+03
